[    0.000000] Initializing cgroup subsys cpuset
[    0.000000] Initializing cgroup subsys cpu
[    0.000000] Initializing cgroup subsys cpuacct
[    0.000000] Linux version 4.4.0-179-generic (buildd@lcy01-amd64-014) (gcc version 5.4.0 20160609 (Ubuntu 5.4.0-6ubuntu1~16.04.12) ) #209-Ubuntu SMP Fri Apr 24 17:48:44 UTC 2020 (Ubuntu 4.4.0-179.209-generic 4.4.219)
[    0.000000] Command line: BOOT_IMAGE=/boot/vmlinuz-4.4.0-179-generic root=LABEL=cloudimg-rootfs ro console=tty1 console=ttyS0
[    0.000000] KERNEL supported cpus:
[    0.000000]   Intel GenuineIntel
[    0.000000]   AMD AuthenticAMD
[    0.000000]   Centaur CentaurHauls
[    0.000000] x86/fpu: xstate_offset[2]:  576, xstate_sizes[2]:  256
[    0.000000] x86/fpu: Supporting XSAVE feature 0x01: 'x87 floating point registers'
[    0.000000] x86/fpu: Supporting XSAVE feature 0x02: 'SSE registers'
[    0.000000] x86/fpu: Supporting XSAVE feature 0x04: 'AVX registers'
[    0.000000] x86/fpu: Enabled xstate features 0x7, context size is 832 bytes, using 'standard' format.
[    0.000000] e820: BIOS-provided physical RAM map:
[    0.000000] BIOS-e820: [mem 0x0000000000000000-0x000000000009fbff] usable
[    0.000000] BIOS-e820: [mem 0x000000000009fc00-0x000000000009ffff] reserved
[    0.000000] BIOS-e820: [mem 0x00000000000f0000-0x00000000000fffff] reserved
[    0.000000] BIOS-e820: [mem 0x0000000000100000-0x000000003ffeffff] usable
[    0.000000] BIOS-e820: [mem 0x000000003fff0000-0x000000003fffffff] ACPI data
[    0.000000] BIOS-e820: [mem 0x00000000fec00000-0x00000000fec00fff] reserved
[    0.000000] BIOS-e820: [mem 0x00000000fee00000-0x00000000fee00fff] reserved
[    0.000000] BIOS-e820: [mem 0x00000000fffc0000-0x00000000ffffffff] reserved
[    0.000000] NX (Execute Disable) protection: active
[    0.000000] SMBIOS 2.5 present.
[    0.000000] Hypervisor detected: KVM
[    0.000000] e820: last_pfn = 0x3fff0 max_arch_pfn = 0x400000000
[    0.000000] MTRR: Disabled
[    0.000000] x86/PAT: MTRRs disabled, skipping PAT initialization too.
[    0.000000] CPU MTRRs all blank - virtualized system.
[    0.000000] x86/PAT: Configuration [0-7]: WB  WT  UC- UC  WB  WT  UC- UC  
[    0.000000] found SMP MP-table at [mem 0x0009fff0-0x0009ffff] mapped at [ffff88000009fff0]
[    0.000000] Scanning 1 areas for low memory corruption
[    0.000000] RAMDISK: [mem 0x362e0000-0x37167fff]
[    0.000000] ACPI: Early table checksum verification disabled
[    0.000000] ACPI: RSDP 0x00000000000E0000 000024 (v02 VBOX  )
[    0.000000] ACPI: XSDT 0x000000003FFF0030 00003C (v01 VBOX   VBOXXSDT 00000001 ASL  00000061)
[    0.000000] ACPI: FACP 0x000000003FFF00F0 0000F4 (v04 VBOX   VBOXFACP 00000001 ASL  00000061)
[    0.000000] ACPI: DSDT 0x000000003FFF0470 002325 (v02 VBOX   VBOXBIOS 00000002 INTL 20100528)
[    0.000000] ACPI: FACS 0x000000003FFF0200 000040
[    0.000000] ACPI: FACS 0x000000003FFF0200 000040
[    0.000000] ACPI: APIC 0x000000003FFF0240 00005C (v02 VBOX   VBOXAPIC 00000001 ASL  00000061)
[    0.000000] ACPI: SSDT 0x000000003FFF02A0 0001CC (v01 VBOX   VBOXCPUT 00000002 INTL 20100528)
[    0.000000] No NUMA configuration found
[    0.000000] Faking a node at [mem 0x0000000000000000-0x000000003ffeffff]
[    0.000000] NODE_DATA(0) allocated [mem 0x3ffeb000-0x3ffeffff]
[    0.000000] kvm-clock: Using msrs 4b564d01 and 4b564d00
[    0.000000] kvm-clock: cpu 0, msr 0:3ffe3001, primary cpu clock
[    0.000000] kvm-clock: using sched offset of 3665380621 cycles
[    0.000000] clocksource: kvm-clock: mask: 0xffffffffffffffff max_cycles: 0x1cd42e4dffb, max_idle_ns: 881590591483 ns
[    0.000000] Zone ranges:
[    0.000000]   DMA      [mem 0x0000000000001000-0x0000000000ffffff]
[    0.000000]   DMA32    [mem 0x0000000001000000-0x000000003ffeffff]
[    0.000000]   Normal   empty
[    0.000000]   Device   empty
[    0.000000] Movable zone start for each node
[    0.000000] Early memory node ranges
[    0.000000]   node   0: [mem 0x0000000000001000-0x000000000009efff]
[    0.000000]   node   0: [mem 0x0000000000100000-0x000000003ffeffff]
[    0.000000] Initmem setup node 0 [mem 0x0000000000001000-0x000000003ffeffff]
[    0.000000] ACPI: PM-Timer IO Port: 0x4008
[    0.000000] IOAPIC[0]: apic_id 2, version 32, address 0xfec00000, GSI 0-23
[    0.000000] ACPI: INT_SRC_OVR (bus 0 bus_irq 0 global_irq 2 dfl dfl)
[    0.000000] ACPI: INT_SRC_OVR (bus 0 bus_irq 9 global_irq 9 low level)
[    0.000000] Using ACPI (MADT) for SMP configuration information
[    0.000000] smpboot: Allowing 2 CPUs, 0 hotplug CPUs
[    0.000000] PM: Registered nosave memory: [mem 0x00000000-0x00000fff]
[    0.000000] PM: Registered nosave memory: [mem 0x0009f000-0x0009ffff]
[    0.000000] PM: Registered nosave memory: [mem 0x000a0000-0x000effff]
[    0.000000] PM: Registered nosave memory: [mem 0x000f0000-0x000fffff]
[    0.000000] e820: [mem 0x40000000-0xfebfffff] available for PCI devices
[    0.000000] Booting paravirtualized kernel on KVM
[    0.000000] clocksource: refined-jiffies: mask: 0xffffffff max_cycles: 0xffffffff, max_idle_ns: 7645519600211568 ns
[    0.000000] setup_percpu: NR_CPUS:512 nr_cpumask_bits:512 nr_cpu_ids:2 nr_node_ids:1
[    0.000000] PERCPU: Embedded 33 pages/cpu @ffff88003fc00000 s95448 r8192 d31528 u1048576
[    0.000000] Built 1 zonelists in Node order, mobility grouping on.  Total pages: 257912
[    0.000000] Policy zone: DMA32
[    0.000000] Kernel command line: BOOT_IMAGE=/boot/vmlinuz-4.4.0-179-generic root=LABEL=cloudimg-rootfs ro console=tty1 console=ttyS0
[    0.000000] PID hash table entries: 4096 (order: 3, 32768 bytes)
[    0.000000] Memory: 997672K/1048120K available (8630K kernel code, 1336K rwdata, 4036K rodata, 1488K init, 1292K bss, 50448K reserved, 0K cma-reserved)
[    0.000000] SLUB: HWalign=64, Order=0-3, MinObjects=0, CPUs=2, Nodes=1
[    0.000000] Kernel/User page tables isolation: enabled
[    0.000000] Hierarchical RCU implementation.
[    0.000000] 	Build-time adjustment of leaf fanout to 64.
[    0.000000] 	RCU restricting CPUs from NR_CPUS=512 to nr_cpu_ids=2.
[    0.000000] RCU: Adjusting geometry for rcu_fanout_leaf=64, nr_cpu_ids=2
[    0.000000] NR_IRQS:33024 nr_irqs:440 16
[    0.000000] Console: colour VGA+ 80x25
[    0.000000] console [tty1] enabled
[    0.000000] console [ttyS0] enabled
[    0.000000] tsc: Detected 2207.998 MHz processor
[    0.117738] Calibrating delay loop (skipped) preset value.. 4415.99 BogoMIPS (lpj=8831992)
[    0.119082] pid_max: default: 32768 minimum: 301
[    0.119796] ACPI: Core revision 20150930
[    0.121088] ACPI: 2 ACPI AML tables successfully acquired and loaded
[    0.122213] Security Framework initialized
[    0.122901] Yama: becoming mindful.
[    0.123488] AppArmor: AppArmor initialized
[    0.124186] Dentry cache hash table entries: 131072 (order: 8, 1048576 bytes)
[    0.125591] Inode-cache hash table entries: 65536 (order: 7, 524288 bytes)
[    0.126625] Mount-cache hash table entries: 2048 (order: 2, 16384 bytes)
[    0.127564] Mountpoint-cache hash table entries: 2048 (order: 2, 16384 bytes)
[    0.128639] Initializing cgroup subsys io
[    0.129285] Initializing cgroup subsys memory
[    0.129986] Initializing cgroup subsys devices
[    0.130677] Initializing cgroup subsys freezer
[    0.131382] Initializing cgroup subsys net_cls
[    0.132075] Initializing cgroup subsys perf_event
[    0.132798] Initializing cgroup subsys net_prio
[    0.133500] Initializing cgroup subsys hugetlb
[    0.134228] Initializing cgroup subsys pids
[    0.135889] mce: CPU supports 0 MCE banks
[    0.136546] Last level iTLB entries: 4KB 64, 2MB 8, 4MB 8
[    0.137378] Last level dTLB entries: 4KB 64, 2MB 0, 4MB 0, 1GB 4
[    0.138257] Spectre V1 : Mitigation: usercopy/swapgs barriers and __user pointer sanitization
[    0.139542] Spectre V2 : Mitigation: Full generic retpoline
[    0.140376] Spectre V2 : Spectre v2 / SpectreRSB mitigation: Filling RSB on context switch
[    0.141787] Speculative Store Bypass: Vulnerable
[    0.142599] MDS: Mitigation: Clear CPU buffers
[    0.145596] Freeing SMP alternatives memory: 36K
[    0.151668] ftrace: allocating 32313 entries in 127 pages
[    0.202498] smpboot: APIC(0) Converting physical 0 to logical package 0
[    0.204469] smpboot: Max logical packages: 1
[    0.205705] x2apic enabled
[    0.206513] Switched APIC routing to physical x2apic.
[    0.208436] ..TIMER: vector=0x30 apic1=0 pin1=2 apic2=-1 pin2=-1
[    0.317471] smpboot: CPU0: Intel(R) Core(TM) i7-8750H CPU @ 2.20GHz (family: 0x6, model: 0x9e, stepping: 0xa)
[    0.320067] Performance Events: unsupported p6 CPU model 158 no PMU driver, software events only.
[    0.332081] KVM setup paravirtual spinlock
[    0.333438] x86: Booting SMP configuration:
[    0.334248] .... node  #0, CPUs:      #1
[    0.334981] kvm-clock: cpu 1, msr 0:3ffe3041, secondary cpu clock
[    0.336545] mce: CPU supports 0 MCE banks
[    0.351479] x86: Booted up 1 node, 2 CPUs
[    0.352776] smpboot: Total of 2 processors activated (8831.99 BogoMIPS)
[    0.354597] devtmpfs: initialized
[    0.356728] evm: security.selinux
[    0.357319] evm: security.SMACK64
[    0.357882] evm: security.SMACK64EXEC
[    0.358558] evm: security.SMACK64TRANSMUTE
[    0.359221] evm: security.SMACK64MMAP
[    0.359861] evm: security.ima
[    0.360534] evm: security.capability
[    0.361379] clocksource: jiffies: mask: 0xffffffff max_cycles: 0xffffffff, max_idle_ns: 7645041785100000 ns
[    0.362929] futex hash table entries: 512 (order: 3, 32768 bytes)
[    0.363966] pinctrl core: initialized pinctrl subsystem
[    0.364859] RTC time: 15:09:27, date: 06/03/20
[    0.365736] NET: Registered protocol family 16
[    0.377570] cpuidle: using governor ladder
[    0.389391] cpuidle: using governor menu
[    0.392579] PCCT header not found.
[    0.393282] ACPI: bus type PCI registered
[    0.394063] acpiphp: ACPI Hot Plug PCI Controller Driver version: 0.5
[    0.399054] PCI: Using configuration type 1 for base access
[    0.414889] ACPI: Added _OSI(Module Device)
[    0.415913] ACPI: Added _OSI(Processor Device)
[    0.416686] ACPI: Added _OSI(3.0 _SCP Extensions)
[    0.417650] ACPI: Added _OSI(Processor Aggregator Device)
[    0.419137] ACPI: Executed 1 blocks of module-level executable AML code
[    0.422250] ACPI: Interpreter enabled
[    0.423350] ACPI: (supports S0 S5)
[    0.424125] ACPI: Using IOAPIC for interrupt routing
[    0.425200] PCI: Using host bridge windows from ACPI; if necessary, use "pci=nocrs" and report a bug
[    0.430107] ACPI: PCI Root Bridge [PCI0] (domain 0000 [bus 00-ff])
[    0.431092] acpi PNP0A03:00: _OSC: OS supports [ASPM ClockPM Segments MSI]
[    0.432544] acpi PNP0A03:00: _OSC: not requesting OS control; OS requires [ExtendedConfig ASPM ClockPM MSI]
[    0.434015] acpi PNP0A03:00: fail to add MMCONFIG information, can't access extended PCI configuration space under this bridge.
[    0.435922] PCI host bridge to bus 0000:00
[    0.436584] pci_bus 0000:00: root bus resource [io  0x0000-0x0cf7 window]
[    0.437584] pci_bus 0000:00: root bus resource [io  0x0d00-0xffff window]
[    0.438577] pci_bus 0000:00: root bus resource [mem 0x000a0000-0x000bffff window]
[    0.439780] pci_bus 0000:00: root bus resource [mem 0x40000000-0xfdffffff window]
[    0.441127] pci_bus 0000:00: root bus resource [bus 00-ff]
[    0.443377] pci 0000:00:01.1: legacy IDE quirk: reg 0x10: [io  0x01f0-0x01f7]
[    0.444498] pci 0000:00:01.1: legacy IDE quirk: reg 0x14: [io  0x03f6]
[    0.445634] pci 0000:00:01.1: legacy IDE quirk: reg 0x18: [io  0x0170-0x0177]
[    0.446669] pci 0000:00:01.1: legacy IDE quirk: reg 0x1c: [io  0x0376]
[    0.472660] pci 0000:00:07.0: quirk: [io  0x4000-0x403f] claimed by PIIX4 ACPI
[    0.474241] pci 0000:00:07.0: quirk: [io  0x4100-0x410f] claimed by PIIX4 SMB
[    0.483333] ACPI: PCI Interrupt Link [LNKA] (IRQs 5 9 10 *11)
[    0.485028] ACPI: PCI Interrupt Link [LNKB] (IRQs 5 9 *10 11)
[    0.486238] ACPI: PCI Interrupt Link [LNKC] (IRQs 5 *9 10 11)
[    0.487521] ACPI: PCI Interrupt Link [LNKD] (IRQs 5 9 10 *11)
[    0.488753] ACPI: Enabled 2 GPEs in block 00 to 07
[    0.489948] vgaarb: setting as boot device: PCI:0000:00:02.0
[    0.490816] vgaarb: device added: PCI:0000:00:02.0,decodes=io+mem,owns=io+mem,locks=none
[    0.492142] vgaarb: loaded
[    0.492644] vgaarb: bridge control possible 0000:00:02.0
[    0.493627] SCSI subsystem initialized
[    0.494468] ACPI: bus type USB registered
[    0.495210] usbcore: registered new interface driver usbfs
[    0.496128] usbcore: registered new interface driver hub
[    0.497038] usbcore: registered new device driver usb
[    0.498411] PCI: Using ACPI for IRQ routing
[    0.499749] NetLabel: Initializing
[    0.500571] NetLabel:  domain hash size = 128
[    0.501438] NetLabel:  protocols = UNLABELED CIPSOv4
[    0.502392] NetLabel:  unlabeled traffic allowed by default
[    0.503614] amd_nb: Cannot enumerate AMD northbridges
[    0.504590] clocksource: Switched to clocksource kvm-clock
[    0.510030] AppArmor: AppArmor Filesystem Enabled
[    0.511462] pnp: PnP ACPI init
[    0.513135] pnp: PnP ACPI: found 3 devices
[    0.522421] clocksource: acpi_pm: mask: 0xffffff max_cycles: 0xffffff, max_idle_ns: 2085701024 ns
[    0.523963] NET: Registered protocol family 2
[    0.524834] TCP established hash table entries: 8192 (order: 4, 65536 bytes)
[    0.526092] TCP bind hash table entries: 8192 (order: 5, 131072 bytes)
[    0.527325] TCP: Hash tables configured (established 8192 bind 8192)
[    0.528351] UDP hash table entries: 512 (order: 2, 16384 bytes)
[    0.530900] UDP-Lite hash table entries: 512 (order: 2, 16384 bytes)
[    0.532090] NET: Registered protocol family 1
[    0.532898] pci 0000:00:00.0: Limiting direct PCI/PCI transfers
[    0.533897] pci 0000:00:01.0: Activating ISA DMA hang workarounds
[    0.535047] Unpacking initramfs...
[    0.695321] Freeing initrd memory: 14880K
[    0.696281] clocksource: tsc: mask: 0xffffffffffffffff max_cycles: 0x1fd3b6211b4, max_idle_ns: 440795230313 ns
[    0.698244] platform rtc_cmos: registered platform RTC device (no PNP device found)
[    0.699709] Scanning for low memory corruption every 60 seconds
[    0.701172] audit: initializing netlink subsys (disabled)
[    0.702191] audit: type=2000 audit(1591196972.696:1): initialized
[    0.703400] Initialise system trusted keyring
[    0.704480] HugeTLB registered 2 MB page size, pre-allocated 0 pages
[    0.706933] zbud: loaded
[    0.707765] VFS: Disk quotas dquot_6.6.0
[    0.708438] VFS: Dquot-cache hash table entries: 512 (order 0, 4096 bytes)
[    0.709635] squashfs: version 4.0 (2009/01/31) Phillip Lougher
[    0.712376] fuse init (API version 7.23)
[    0.713163] Key type big_key registered
[    0.713815] Allocating IMA MOK and blacklist keyrings.
[    0.716340] Key type asymmetric registered
[    0.717067] Asymmetric key parser 'x509' registered
[    0.717848] Block layer SCSI generic (bsg) driver version 0.4 loaded (major 249)
[    0.719096] io scheduler noop registered
[    0.719742] io scheduler deadline registered (default)
[    0.720699] io scheduler cfq registered
[    0.721435] pci_hotplug: PCI Hot Plug PCI Core version: 0.5
[    0.722291] pciehp: PCI Express Hot Plug Controller Driver version: 0.4
[    0.723351] ACPI: AC Adapter [AC] (on-line)
[    0.724061] input: Power Button as /devices/LNXSYSTM:00/LNXPWRBN:00/input/input0
[    0.725310] ACPI: Power Button [PWRF]
[    0.725973] input: Sleep Button as /devices/LNXSYSTM:00/LNXSLPBN:00/input/input1
[    0.727216] ACPI: Sleep Button [SLPF]
[    0.728031] GHES: HEST is not enabled!
[    0.729234] ACPI: Battery Slot [BAT0] (battery present)
[    0.730054] Serial: 8250/16550 driver, 32 ports, IRQ sharing enabled
[    0.751503] 00:02: ttyS0 at I/O 0x3f8 (irq = 4, base_baud = 115200) is a 16550A
[    0.753688] Linux agpgart interface v0.103
[    0.756094] loop: module loaded
[    0.757226] scsi host0: ata_piix
[    0.757960] scsi host1: ata_piix
[    0.758651] ata1: PATA max UDMA/33 cmd 0x1f0 ctl 0x3f6 bmdma 0xd000 irq 14
[    0.759760] ata2: PATA max UDMA/33 cmd 0x170 ctl 0x376 bmdma 0xd008 irq 15
[    0.762024] libphy: Fixed MDIO Bus: probed
[    0.762852] tun: Universal TUN/TAP device driver, 1.6
[    0.763737] tun: (C) 1999-2004 Max Krasnyansky <maxk@qualcomm.com>
[    0.764784] PPP generic driver version 2.4.2
[    0.765668] ehci_hcd: USB 2.0 'Enhanced' Host Controller (EHCI) Driver
[    0.766816] ehci-pci: EHCI PCI platform driver
[    0.767582] ehci-platform: EHCI generic platform driver
[    0.768496] ohci_hcd: USB 1.1 'Open' Host Controller (OHCI) Driver
[    0.769582] ohci-pci: OHCI PCI platform driver
[    0.770560] ohci-platform: OHCI generic platform driver
[    0.771464] uhci_hcd: USB Universal Host Controller Interface driver
[    0.772568] i8042: PNP: PS/2 Controller [PNP0303:PS2K,PNP0f03:PS2M] at 0x60,0x64 irq 1,12
[    0.774500] serio: i8042 KBD port at 0x60,0x64 irq 1
[    0.775389] serio: i8042 AUX port at 0x60,0x64 irq 12
[    0.776378] mousedev: PS/2 mouse device common for all mice
[    0.778796] input: AT Translated Set 2 keyboard as /devices/platform/i8042/serio0/input/input2
[    0.780677] rtc_cmos rtc_cmos: rtc core: registered rtc_cmos as rtc0
[    0.781881] rtc_cmos rtc_cmos: alarms up to one day, 114 bytes nvram
[    0.783044] i2c /dev entries driver
[    0.783730] device-mapper: uevent: version 1.0.3
[    0.784625] device-mapper: ioctl: 4.34.0-ioctl (2015-10-28) initialised: dm-devel@redhat.com
[    0.786176] ledtrig-cpu: registered to indicate activity on CPUs
[    0.787691] NET: Registered protocol family 10
[    0.788852] NET: Registered protocol family 17
[    0.789667] Key type dns_resolver registered
[    0.790683] registered taskstats version 1
[    0.791810] Loading compiled-in X.509 certificates
[    0.793125] Loaded X.509 cert 'Build time autogenerated kernel key: a9e5689415cbbea5b40a198600f217117afda70c'
[    0.795254] zswap: loaded using pool lzo/zbud
[    0.798027] Key type trusted registered
[    0.802242] Key type encrypted registered
[    0.803050] AppArmor: AppArmor sha1 policy hashing enabled
[    0.804014] ima: No TPM chip found, activating TPM-bypass!
[    0.804995] ima: Allocated hash algorithm: sha1
[    0.805941] evm: HMAC attrs: 0x1
[    0.806985]   Magic number: 8:431:183
[    0.807807] rtc_cmos rtc_cmos: setting system clock to 2020-06-03 15:09:27 UTC (1591196967)
[    0.809316] BIOS EDD facility v0.16 2004-Jun-25, 0 devices found
[    0.811465] EDD information not available.
[    0.940291] Freeing unused kernel memory: 1488K
[    0.941142] Write protecting the kernel read-only data: 14336k
[    0.942583] Freeing unused kernel memory: 1600K
[    0.943629] Freeing unused kernel memory: 60K
Loading, please wait...
starting version 229
[    0.954583] random: systemd-udevd: uninitialized urandom read (16 bytes read, 1 bits of entropy available)
[    0.955039] random: udevadm: uninitialized urandom read (16 bytes read, 1 bits of entropy available)
[    0.955052] random: udevadm: uninitialized urandom read (16 bytes read, 1 bits of entropy available)
[    0.959589] random: systemd-udevd: uninitialized urandom read (16 bytes read, 1 bits of entropy available)
[    0.960547] random: udevadm: uninitialized urandom read (16 bytes read, 1 bits of entropy available)
[    0.960578] random: udevadm: uninitialized urandom read (16 bytes read, 1 bits of entropy available)
[    0.960706] random: udevadm: uninitialized urandom read (16 bytes read, 1 bits of entropy available)
[    0.960741] random: udevadm: uninitialized urandom read (16 bytes read, 1 bits of entropy available)
[    0.960775] random: udevadm: uninitialized urandom read (16 bytes read, 1 bits of entropy available)
[    0.960808] random: udevadm: uninitialized urandom read (16 bytes read, 1 bits of entropy available)
[    0.992194] e1000: Intel(R) PRO/1000 Network Driver - version 7.3.21-k8-NAPI
[    0.993568] e1000: Copyright (c) 1999-2006 Intel Corporation.
[    0.998598] Fusion MPT base driver 3.04.20
[    0.999354] Copyright (c) 1999-2008 LSI Corporation
[    1.003099] Fusion MPT SPI Host driver 3.04.20
[    1.011308] AVX2 version of gcm_enc/dec engaged.
[    1.012198] AES CTR mode by8 optimization enabled
[    1.203982] input: ImExPS/2 Generic Explorer Mouse as /devices/platform/i8042/serio1/input/input4
[    1.341832] e1000 0000:00:03.0 eth0: (PCI:33MHz:32-bit) 02:98:f4:a7:56:97
[    1.342957] e1000 0000:00:03.0 eth0: Intel(R) PRO/1000 Network Connection
[    2.053921] e1000 0000:00:08.0 eth1: (PCI:33MHz:32-bit) 08:00:27:2b:58:00
[    2.058759] e1000 0000:00:08.0 eth1: Intel(R) PRO/1000 Network Connection
[    2.066383] mptbase: ioc0: Initiating bringup
[    2.069380] e1000 0000:00:03.0 enp0s3: renamed from eth0
[    2.081386] e1000 0000:00:08.0 enp0s8: renamed from eth1
[    2.132867] ioc0: LSI53C1030 A0: Capabilities={Initiator}
[    2.294991] scsi host2: ioc0: LSI53C1030 A0, FwRev=00000000h, Ports=1, MaxQ=256, IRQ=20
[    2.405463] scsi 2:0:0:0: Direct-Access     VBOX     HARDDISK         1.0  PQ: 0 ANSI: 5
[    2.407229] scsi target2:0:0: Beginning Domain Validation
[    2.410081] scsi target2:0:0: Domain Validation skipping write tests
[    2.411132] scsi target2:0:0: Ending Domain Validation
[    2.412142] scsi target2:0:0: asynchronous
[    2.413511] scsi 2:0:1:0: Direct-Access     VBOX     HARDDISK         1.0  PQ: 0 ANSI: 5
[    2.414791] scsi target2:0:1: Beginning Domain Validation
[    2.425653] scsi target2:0:1: Domain Validation skipping write tests
[    2.426605] scsi target2:0:1: Ending Domain Validation
[    2.427497] scsi target2:0:1: asynchronous
[    2.432566] sd 2:0:0:0: [sda] 20971520 512-byte logical blocks: (10.7 GB/10.0 GiB)
[    2.432713] sd 2:0:0:0: Attached scsi generic sg0 type 0
[    2.434738] sd 2:0:0:0: [sda] Write Protect is off
[    2.435505] sd 2:0:1:0: Attached scsi generic sg1 type 0
[    2.435599] sd 2:0:0:0: [sda] Incomplete mode parameter data
[    2.435600] sd 2:0:0:0: [sda] Assuming drive cache: write through
[    2.438031]  sda: sda1
[    2.438454] sd 2:0:0:0: [sda] Attached SCSI disk
[    2.440124] sd 2:0:1:0: [sdb] 20480 512-byte logical blocks: (10.5 MB/10.0 MiB)
[    2.441892] sd 2:0:1:0: [sdb] Write Protect is off
[    2.442847] sd 2:0:1:0: [sdb] Incomplete mode parameter data
[    2.443709] sd 2:0:1:0: [sdb] Assuming drive cache: write through
[    2.447806] sd 2:0:1:0: [sdb] Attached SCSI disk
Begin: Loading essential drivers ... [    3.754948] md: linear personality registered for level -1
[    3.757794] md: multipath personality registered for level -4
[    3.760514] md: raid0 personality registered for level 0
[    3.764464] md: raid1 personality registered for level 1
[    3.832657] raid6: sse2x1   gen() 13065 MB/s
[    3.900764] raid6: sse2x1   xor()  9900 MB/s
[    3.969267] raid6: sse2x2   gen() 16620 MB/s
[    4.037116] raid6: sse2x2   xor() 11467 MB/s
[    4.104887] raid6: sse2x4   gen() 18381 MB/s
[    4.173351] raid6: sse2x4   xor() 12862 MB/s
[    4.240979] raid6: avx2x1   gen() 24972 MB/s
[    4.309047] raid6: avx2x2   gen() 29109 MB/s
[    4.376671] raid6: avx2x4   gen() 31023 MB/s
[    4.377684] raid6: using algorithm avx2x4 gen() 31023 MB/s
[    4.378738] raid6: using avx2x2 recovery algorithm
[    4.380851] xor: automatically using best checksumming function:
[    4.421924]    avx       : 35365.000 MB/sec
[    4.423740] async_tx: api initialized (async)
[    4.433064] md: raid6 personality registered for level 6
[    4.434185] md: raid5 personality registered for level 5
[    4.435163] md: raid4 personality registered for level 4
[    4.441324] md: raid10 personality registered for level 10
done.
Begin: Running /scripts/init-premount ... done.
Begin: Mounting root file system ... Begin: Running /scripts/local-top ... done.
Begin: Running /scripts/local-premount ... [    4.464088] Btrfs loaded
Scanning for Btrfs filesystems
done.
Warning: fsck not present, so skipping root file system
[    4.488776] EXT4-fs (sda1): mounted filesystem with ordered data mode. Opts: (null)
done.
Begin: Running /scripts/local-bottom ... done.
Begin: Running /scripts/init-bottom ... done.
[    4.554794] systemd[1]: systemd 229 running in system mode. (+PAM +AUDIT +SELINUX +IMA +APPARMOR +SMACK +SYSVINIT +UTMP +LIBCRYPTSETUP +GCRYPT +GNUTLS +ACL +XZ -LZ4 +SECCOMP +BLKID +ELFUTILS +KMOD -IDN)
[    4.557811] systemd[1]: Detected virtualization oracle.
[    4.558808] systemd[1]: Detected architecture x86-64.

Welcome to [1mUbuntu 16.04.6 LTS[0m!

[    4.569756] systemd[1]: Set hostname to <ubuntu>.
[    4.572898] systemd[1]: Initializing machine ID from random generator.
[    4.574012] systemd[1]: Installed transient /etc/machine-id file.
[    4.671569] systemd[1]: Reached target Encrypted Volumes.
[[0;32m  OK  [0m] Reached target Encrypted Volumes.
[    4.673460] systemd[1]: Reached target Swap.
[[0;32m  OK  [0m] Reached target Swap.
[    4.674992] systemd[1]: Created slice User and Session Slice.
[[0;32m  OK  [0m] Created slice User and Session Slice.
[    4.676682] systemd[1]: Listening on Journal Audit Socket.
[[0;32m  OK  [0m] Listening on Journal Audit Socket.
[    4.678435] systemd[1]: Listening on /dev/initctl Compatibility Named Pipe.
[[0;32m  OK  [0m] Listening on /dev/initctl Compatibility Named Pipe.
[    4.680568] systemd[1]: Set up automount Arbitrary Executable File Formats File System Automount Point.
[[0;32m  OK  [0m] Set up automount Arbitrary Executab...ats File System Automount Point.
[    4.683150] systemd[1]: Started Trigger resolvconf update for networkd DNS.
[[0;32m  OK  [0m] Started Trigger resolvconf update for networkd DNS.
[    4.685142] systemd[1]: Listening on Syslog Socket.
[[0;32m  OK  [0m] Listening on Syslog Socket.
[    4.686615] systemd[1]: Listening on Journal Socket (/dev/log).
[[0;32m  OK  [0m] Listening on Journal Socket (/dev/log).
[    4.688708] systemd[1]: Created slice System Slice.
[[0;32m  OK  [0m] Created slice System Slice.
[    4.690411] systemd[1]: Created slice system-serial\x2dgetty.slice.
[[0;32m  OK  [0m] Created slice system-serial\x2dgetty.slice.
[    4.692310] systemd[1]: Reached target Slices.
[[0;32m  OK  [0m] Reached target Slices.
[    4.693810] systemd[1]: Listening on udev Control Socket.
[[0;32m  OK  [0m] Listening on udev Control Socket.
[    4.695465] systemd[1]: Listening on Device-mapper event daemon FIFOs.
[[0;32m  OK  [0m] Listening on Device-mapper event daemon FIFOs.
[    4.697261] systemd[1]: Listening on Journal Socket.
[[0;32m  OK  [0m] Listening on Journal Socket.
[    4.709119] systemd[1]: Starting Uncomplicated firewall...
         Starting Uncomplicated firewall...
[    4.712899] systemd[1]: Starting Journal Service...
         Starting Journal Service...
[    4.714791] systemd[1]: Starting Create list of required static device nodes for the current kernel...
         Starting Create list of required st... nodes for the current kernel...
[    4.717651] systemd[1]: Mounting Debug File System...
         Mounting Debug File System...
[    4.719732] systemd[1]: Mounting POSIX Message Queue File System...
         Mounting POSIX Message Queue File System...
[    4.722321] systemd[1]: Mounting Huge Pages File System...
         Mounting Huge Pages File System...
[    4.725045] systemd[1]: Starting Load Kernel Modules...
         Starting Load Kernel Modules...
[    4.726846] systemd[1]: Listening on LVM2 poll daemon socket.
[[0;32m  OK  [0m] Listening on LVM2 poll daemon socket.
[    4.733239] systemd[1]: Starting Nameserver information manager...
         Starting Nameserver information manager...
[    4.735031] Loading iSCSI transport class v2.0-870.
[    4.735497] systemd[1]: Starting Set console keymap...
         Starting Set console keymap...
[    4.737374] systemd[1]: Listening on udev Kernel Socket.
[[0;32m  OK  [0m] Listening on udev Kernel Socket.
[    4.738969] systemd[1]: Reached target System Time Synchronized.
[[0;32m  OK  [0m] Reached target System Time Synchronized.
[    4.741361] systemd[1]: Starting Remount Root and Kernel File Systems...
         Starting Remount Root and Kernel File Systems...
[    4.744753] EXT4-fs (sda1): re-mounted. Opts: (null)
[    4.748128] iscsi: registered transport (tcp)
[    4.748801] systemd[1]: Listening on LVM2 metadata daemon socket.
[[0;32m  OK  [0m] Listening on LVM2 metadata daemon socket.
[    4.751874] systemd[1]: Starting Monitoring of LVM2 mirrors, snapshots etc. using dmeventd or progress polling...
         Starting Monitoring of LVM2 mirrors... dmeventd or progress polling...
[    4.754464] systemd[1]: Started Forward Password Requests to Wall Directory Watch.
[[0;32m  OK  [0m] Started Forward Password Requests to Wall Directory Watch.
[    4.756766] systemd[1]: Reached target User and Group Name Lookups.
[[0;32m  OK  [0m] Reached target User and Group Name Lookups.
[    4.760930] systemd[1]: Mounted POSIX Message Queue File System.
[[0;32m  OK  [0m] Mounted POSIX Message Queue File System.
[    4.762992] systemd[1]: Mounted Huge Pages File System.
[[0;32m  OK  [0m] Mounted Huge Pages File System.
[    4.764969] systemd[1]: Mounted Debug File System.
[[0;32m  OK  [0m] Mounted Debug File System.
[    4.766962] systemd[1]: Started Journal Service.
[[0;32m  OK  [0m] Started Journal Service.
[[0;32m  OK  [0m] Started Uncomplicated firewall.
[[0;32m  OK  [0m] Started Create list of required sta...ce nodes for the current kernel.
[[0;32m  OK  [0m] Started Remount Root and Kernel File Systems.
[[0;32m  OK  [0m] Started Nameserver information manager.
[    4.783513] iscsi: registered transport (iser)
[[0;32m  OK  [0m] Started Load Kernel Modules.
[[0;32m  OK  [0m] Started Set console keymap.
[[0;32m  OK  [0m] Started LVM2 metadata daemon.
         Starting Apply Kernel Variables...
         Mounting FUSE Control File System...
         Starting udev Coldplug all Devices...
         Starting Load/Save Random Seed...
         Starting Create Static Device Nodes in /dev...
         Starting Flush Journal to Persistent Storage...
[[0;32m  OK  [0m] Mounted FUSE Control File System.
[[0;32m  OK  [0m] Started Load/Save Random Seed.
[[0;32m  OK  [0m] Started Apply Kernel Variables.
[[0;32m  OK  [0m] Started Create Static Device Nodes in /dev.
         Starting udev Kernel Device Manager...
[[0;32m  OK  [0m] Started Flush Journal to Persistent Storage.
[[0;32m  OK  [0m] Started udev Coldplug all Devices.
[[0;32m  OK  [0m] Started udev Kernel Device Manager.
[[0;32m  OK  [0m] Started Dispatch Password Requests to Console Directory Watch.
[[0;32m  OK  [0m] Found device /dev/ttyS0.
[[0;32m  OK  [0m] Listening on Load/Save RF Kill Switch Status /dev/rfkill Watch.
[[0;32m  OK  [0m] Started Monitoring of LVM2 mirrors,...ng dmeventd or progress polling.
[[0;32m  OK  [0m] Reached target Local File Systems (Pre).
[[0;32m  OK  [0m] Reached target Local File Systems.
         Starting Commit a transient machine-id on disk...
         Starting Create Volatile Files and Directories...
         Starting Initial cloud-init job (pre-networking)...
         Starting Tell Plymouth To Write Out Runtime Data...
         Starting Set console font and keymap...
         Starting LSB: AppArmor initialization...
[[0;32m  OK  [0m] Started Commit a transient machine-id on disk.
[[0;32m  OK  [0m] Started Create Volatile Files and Directories.
[[0;32m  OK  [0m] Started Tell Plymouth To Write Out Runtime Data.
         Starting Update UTMP about System Boot/Shutdown...
[[0;32m  OK  [0m] Started Update UTMP about System Boot/Shutdown.
[[0;32m  OK  [0m] Started Set console font and keymap.
[[0;32m  OK  [0m] Created slice system-getty.slice.
[[0;32m  OK  [0m] Started LSB: AppArmor initialization.
[    6.095615] cloud-init[630]: Cloud-init v. 19.4-33-gbb4131a2-0ubuntu1~16.04.1 running 'init-local' at Wed, 03 Jun 2020 15:09:32 +0000. Up 5.83 seconds.
[[0;32m  OK  [0m] Started Initial cloud-init job (pre-networking).
[[0;32m  OK  [0m] Reached target Network (Pre).
         Starting Raise network interfaces...
[[0;32m  OK  [0m] Started Raise network interfaces.
[[0;32m  OK  [0m] Reached target Network.
         Starting Initial cloud-init job (metadata service crawler)...
[    7.079594] cloud-init[964]: Cloud-init v. 19.4-33-gbb4131a2-0ubuntu1~16.04.1 running 'init' at Wed, 03 Jun 2020 15:09:33 +0000. Up 6.54 seconds.
[    7.080703] cloud-init[964]: ci-info: ++++++++++++++++++++++++++++++++++++++Net device info+++++++++++++++++++++++++++++++++++++++
[    7.081674] cloud-init[964]: ci-info: +--------+-------+----------------------------+---------------+--------+-------------------+
[    7.082758] cloud-init[964]: ci-info: | Device |   Up  |          Address           |      Mask     | Scope  |     Hw-Address    |
[    7.084272] cloud-init[964]: ci-info: +--------+-------+----------------------------+---------------+--------+-------------------+
[    7.085523] cloud-init[964]: ci-info: | enp0s3 |  True |         10.0.2.15          | 255.255.255.0 | global | 02:98:f4:a7:56:97 |
[    7.086850] cloud-init[964]: ci-info: | enp0s3 |  True | fe80::98:f4ff:fea7:5697/64 |       .       |  link  | 02:98:f4:a7:56:97 |
[    7.088176] cloud-init[964]: ci-info: | enp0s8 | False |             .              |       .       |   .    | 08:00:27:2b:58:00 |
[    7.089547] cloud-init[964]: ci-info: |   lo   |  True |         127.0.0.1          |   255.0.0.0   |  host  |         .         |
[    7.090955] cloud-init[964]: ci-info: |   lo   |  True |          ::1/128           |       .       |  host  |         .         |
[    7.092320] cloud-init[964]: ci-info: +--------+-------+----------------------------+---------------+--------+-------------------+
[    7.101211] cloud-init[964]: ci-info: +++++++++++++++++++++++++++Route IPv4 info++++++++++++++++++++++++++++
[    7.102570] cloud-init[964]: ci-info: +-------+-------------+----------+---------------+-----------+-------+
[    7.108790] [cloud-init[0;32m  OK  [0m[964]: ] ci-info: | Route | Destination | Gateway  |    Genmask    | Interface | Flags |Started Initial cloud-init job (metadata service crawler).

[    7.116624] [cloud-init[0;32m  OK  [0m[964]: ] ci-info: +-------+-------------+----------+---------------+-----------+-------+Reached target System Initialization.

[    7.117740] [[0;32m  OK  [0m] Started ACPI Events Check.
[[0;32m  OK  [0m] Reached target Paths.
         Starting Socket activation for snappy daemon.
[[0;32m  OK  [0m] Listening on D-Bus System Message Bus Socket.
cloud-init[964]: ci-info: |   0   |   0.0.0.0   | 10.0.2.2 |    0.0.0.0    |   enp0s3  |   UG  |
         Starting LXD - unix socket.
[[0;32m  OK  [0m] Started Daily Cleanup of Temporary Directories.
[    7.120926] [[0;32m  OK  [0m] Started Message of the Day.
[[0;32m  OK  [0m] Listening on ACPID Listen Socket.
[[0;32m  OK  [0m] Started Daily apt download activities.
[[0;32m  OK  [0m] Started Daily apt upgrade and clean activities.
[[0;32m  OK  [0m] Reached target Timers.
cloud-init[964]: ci-info: |   1   |   10.0.2.0  | 0.0.0.0  | 255.255.255.0 |   enp0s3  |   U   |
[    7.128980] [[0;32m  OK  [0m] Listening on UUID daemon activation socket.
[[0;32m  OK  [0m] Reached target Network is Online.
cloud-init[964]: ci-info: +-------+-------------+----------+---------------+-----------+-------+
[    7.136815] cloud-init[964]: ci-info: +++++++++++++++++++Route IPv6 info+++++++++++++++++++
[    7.148202]          Starting iSCSI initiator daemon (iscsid)...
[[0;32m  OK  [0m] Reached target Cloud-config availability.
[[0;32m  OK  [0m] Listening on Socket activation for snappy daemon.
[[0;32m  OK  [0m] Listening on LXD - unix socket.
[[0;32m  OK  [0m] Reached target Sockets.
[[0;32m  OK  [0m] Reached target Basic System.
cloud-init[964]: ci-info: +-------+-------------+---------+-----------+-------+[[0;32m  OK  [0m] Started Regular background program processing daemon.
         Starting /etc/rc.local Compatibility...
[[0;32m  OK  [0m] Started FUSE filesystem for LXC.
[[0;32m  OK  [0m] Started D-Bus System Message Bus.

[    7.154953] cloud-init[964]: ci-info: | Route | Destination | Gateway | Interface | Flags |
[    7.158410] cloud-init[964]: ci-info: +-------+-------------+---------+-----------+-------+
[    7.160528] cloud-init[964]: ci-info: |   0   |  fe80::/64  |    ::   |   enp0s3  |   U   |
[    7.161646] cloud-init[964]: ci-info: |   3   |   ff00::/8  |    ::   |   enp0s3  |   U   |
[    7.162701] cloud-init[964]: ci-info: +-------+-------------+---------+-----------+-------+
[    7.163826] cloud-init[964]: Generating public/private rsa key pair.
[    7.164746] cloud-init[964]: Your identification has been saved in /etc/ssh/ssh_host_rsa_key.
[    7.165813] cloud-init[964]: Your public key has been saved in /etc/ssh/ssh_host_rsa_key.pub.
[    7.166914] cloud-init[964]: The key fingerprint is:
[    7.167846] cloud-init[964]: SHA256:7ZPWVQpiRibf2AFeVyWLsprTtLdJTP1NR6aSQIouXWM root@ubuntu-xenial
[    7.169127] cloud-init[964]: The key's randomart image is:
[    7.170047] cloud-init[964]: +---[RSA 2048]----+
[    7.170911] cloud-init[964]: |        . =.o o.+|
[    7.171846] cloud-init[964]: |       . O = + o |
[    7.172835] cloud-init[964]: |      . E X = . +|
[    7.180877] [cloud-init[0;32m  OK  [0m[964]: ] |     o o = = + * |Started ACPI event daemon.

         Starting LXD - container startup/shutdown...
         Starting Login Service...
         Starting System Logging Service...
[    7.181831] cloud-init[964]: |    . o S + + = o|
[    7.193272] cloud-init[964]: |     .   * * o oo|
[    7.193976] cloud-init[964]: |        + B =   o|
[    7.197703]          Starting Pollinate to seed the pseudo random number generator...
         Starting Virtualbox guest utils...
         Starting Accounts Service...
         Starting LSB: Record successful boot for GRUB...
[[0;32m  OK  [0m] Started Deferred execution scheduler.
         Starting LSB: MD monitoring daemon...
cloud-init[964]:          Starting Snappy daemon...
|         o + o   |
[[0;32m  OK  [0m] Started iSCSI initiator daemon (iscsid).
[[0;32m  OK  [0m] Started /etc/rc.local Compatibility.
[[0;32m  OK  [0m] Started System Logging Service.
         Starting Login to default iSCSI targets...
[    7.205109] cloud-init[964]: |            o    |
[[0;32m  OK  [0m] Started Login Service.
[[0;32m  OK  [0m] Started Unattended Upgrades Shutdown.
[[0;32m  OK  [0m] Started Login to default iSCSI targets.
[[0;32m  OK  [0m] Reached target Remote File Systems (Pre).
[[0;32m  OK  [0m] Reached target Remote File Systems.
         Starting LSB: Set the CPU Frequency Scaling governor to "ondemand"...
         Starting Permit User Sessions...
         Starting LSB: daemon to balance interrupts for SMP systems...
         Starting LSB: automatic crash report generation...
[    7.236942] cloud-init[964]: +----[SHA256]-----+
[[0;32m  OK  [0m] Started Permit User Sessions.
[    7.268335] cloud-init[964]: Generating public/private dsa key pair.
[    7.280267] cloud-init[964]: Your identification has been saved in /etc/ssh/ssh_host_dsa_key.
         Starting Terminate Plymouth Boot Screen...
         Starting Hold until boot process finishes up...
[[0;32m  OK  [0m] Started LSB: Record successful boot for GRUB.
[[0;32m  OK  [0m] Started LSB: MD monitoring daemon.
[[0;32m  OK  [0m] Started LSB: Set the CPU Frequency Scaling governor to "ondemand".
[[0;32m  OK  [0m] Started Hold until boot process finishes up.
[[0;32m  OK  [0m] Started Terminate Plymouth Boot Screen.
[[0;32m  OK  [0m] Started Serial Getty on ttyS0.
[[0;32m  OK  [0m] Started Getty on tty1.
[[0;32m  OK  [0m] Reached target Login Prompts.
         Starting Set console scheme...
[    7.291872] cloud-init[964]: Your public key has been saved in /etc/ssh/ssh_host_dsa_key.pub.
[    7.312746] cloud-init[964]: The key fingerprint is:
[    7.314632] cloud-init[964]: SHA256:uX6XBCm/3RfhRRLYMlQgKxiDL5c4Fknv8EKHChBuC5c root@ubuntu-xenial
[    7.315661] cloud-init[964]: The key's randomart image is:
[[0;32m  OK  [0m] Started Set console scheme.
[    7.319234] cloud-init[964]: +---[DSA 1024]----+
[    7.321363] cloud-init[964]: |o. ..oo   ..o=o. |
[    7.322694] cloud-init[964]: |o  .+o +   o+ o .|
[    7.334155] cloud-init[964]: |ooE +++.. .. o o |
[    7.334849] cloud-init[964]: |oo.o==+ .oo    ..|
[    7.336154] cloud-init[964]: | ....+o So .  . o|
[    7.338018]          cloud-initStarting Authenticate and Authorize Users to Run Privileged Tasks...[964]: 
|     .   .. .  o |
[    7.339258] [[0;32m  OK  [0m] Started LSB: daemon to balance interrupts for SMP systems.
cloud-init[964]: |        .  + o  .|
[[0;32m  OK  [0m] Started LSB: automatic crash report generation.
[    7.341519] cloud-init[964]: |       .  o + . .|
[    7.343295] cloud-init[964]: |        .. .   . |
[    7.344216] cloud-init[964]: +----[SHA256]-----+
[    7.345454] cloud-init[964]: Generating public/private ecdsa key pair.
[    7.346401] cloud-init[964]: Your identification has been saved in /etc/ssh/ssh_host_ecdsa_key.
[    7.347482] cloud-init[964]: Your public key has been saved in /etc/ssh/ssh_host_ecdsa_key.pub.
[[0;32m  OK  [0m] Started LXD - container startup/shutdown.
[    7.365017] cloud-init[964]: The key fingerprint is:
[[0;32m  OK  [0m[    7.366440] cloud-init[964]: SHA256:oz6X8uV6b+M5NHj3PySe1K0ikJS6lQa9siJXLmlTFgE root@ubuntu-xenial
[    7.366653] cloud-init[964]: The key's randomart image is:
[    7.366974] cloud-init[964]: +---[ECDSA 256]---+
[    7.367181] cloud-init[964]: |    E.           |
[    7.367466] cloud-init[964]: |      .          |
[    7.367634] cloud-init[964]: |       o .       |
[    7.367680] cloud-init[964]: |      o +        |
[    7.367849] cloud-init[964]: |       =S+ .  . .|
[    7.368440] cloud-init[964]: |      *.B.. +o.o.|
[    7.368741] cloud-init[964]: |     *.* o.ooo+o |
[    7.369052] cloud-init[964]: |  . B.* ooo =+...|
[    7.369267] cloud-init[964]: |   + +.=oo.=++  +|
[    7.369479] cloud-init[964]: +----[SHA256]-----+
[    7.369816] cloud-init[964]: Generating public/private ed25519 key pair.
[    7.370027] cloud-init[964]: Your identification has been saved in /etc/ssh/ssh_host_ed25519_key.
[    7.370236] cloud-init[964]: Your public key has been saved in /etc/ssh/ssh_host_ed25519_key.pub.
[    7.370448] cloud-init[964]: The key fingerprint is:
[    7.370791] cloud-init[964]: SHA256:8GBEvPCIao04SJy6TLO87ttqc2o+0KfE1uMcarDkwGU root@ubuntu-xenial
[    7.374361] cloud-init[964]: The key's randomart image is:
] Started Authenticate and Authorize Users to Run Privileged Tasks.
[[0;32m  OK  [0m] Started Accounts Service.
[[0;32m  OK  [0m] Started Virtualbox guest utils.
[    7.379344] cloud-init[964]: +--[ED25519 256]--+
[    7.380149] cloud-init[964]: |     oo          |
[    7.380959] cloud-init[964]: |    ...          |
[    7.384832] cloud-init[964]: |. .. ++.         |
[    7.387572] cloud-init[964]: | +.E..o+         |
[    7.390364] cloud-init[964]: |*+=.    S        |
[    7.393388] cloud-init[964]: |XB=.=            |
[    7.394867] cloud-init[964]: |XBo* o           |
[    7.395843] cloud-init[964]: |oX=.o            |
[    7.396836] cloud-init[964]: |*XO.             |
[    7.397790] cloud-init[964]: +----[SHA256]-----+
[[0;32m  OK  [0m] Started Snappy daemon.
         Starting Wait until snapd is fully seeded...
[[0;32m  OK  [0m] Started Pollinate to seed the pseudo random number generator.
         Starting OpenBSD Secure Shell server...
[[0;32m  OK  [0m] Started OpenBSD Secure Shell server.
[[0;32m  OK  [0m] Started Wait until snapd is fully seeded.
         Starting Apply the settings specified in cloud-config...
[[0;32m  OK  [0m] Reached target Multi-User System.
[[0;32m  OK  [0m] Reached target Graphical Interface.
         Starting Update UTMP about System Runlevel Changes...
[[0;32m  OK  [0m] Started Update UTMP about System Runlevel Changes.
[    8.817265] cloud-init[1326]: Generating locales (this might take a while)...
[    9.342259] cloud-init[1326]:   en_US.UTF-8... done
[    9.348400] cloud-init[1326]: Generation complete.
[    9.552854] cloud-init[1326]: Cloud-init v. 19.4-33-gbb4131a2-0ubuntu1~16.04.1 running 'modules:config' at Wed, 03 Jun 2020 15:09:35 +0000. Up 8.74 seconds.
[[0;32m  OK  [0m] Started Apply the settings specified in cloud-config.
         Starting Execute cloud user/final scripts...
ci-info: no authorized SSH keys fingerprints found for user ubuntu.
<14>Jun  3 15:09:36 ec2: 
<14>Jun  3 15:09:36 ec2: #############################################################
<14>Jun  3 15:09:36 ec2: -----BEGIN SSH HOST KEY FINGERPRINTS-----
<14>Jun  3 15:09:36 ec2: 1024 SHA256:uX6XBCm/3RfhRRLYMlQgKxiDL5c4Fknv8EKHChBuC5c root@ubuntu-xenial (DSA)
<14>Jun  3 15:09:36 ec2: 256 SHA256:oz6X8uV6b+M5NHj3PySe1K0ikJS6lQa9siJXLmlTFgE root@ubuntu-xenial (ECDSA)
<14>Jun  3 15:09:36 ec2: 256 SHA256:8GBEvPCIao04SJy6TLO87ttqc2o+0KfE1uMcarDkwGU root@ubuntu-xenial (ED25519)
<14>Jun  3 15:09:36 ec2: 2048 SHA256:7ZPWVQpiRibf2AFeVyWLsprTtLdJTP1NR6aSQIouXWM root@ubuntu-xenial (RSA)
<14>Jun  3 15:09:36 ec2: -----END SSH HOST KEY FINGERPRINTS-----
<14>Jun  3 15:09:36 ec2: #############################################################
-----BEGIN SSH HOST KEY KEYS-----
ecdsa-sha2-nistp256 AAAAE2VjZHNhLXNoYTItbmlzdHAyNTYAAAAIbmlzdHAyNTYAAABBBEp7fgOz4hvCjLtJLROPgB8q+GnPtqHr/DM5Bm2Ipkn0Y5WtlJWMda/WMDTXnxGsnUoKyhP/wlqLYbb9N26QHkQ= root@ubuntu-xenial
ssh-ed25519 AAAAC3NzaC1lZDI1NTE5AAAAIO73HqhR3hLqp4XZ4/pKWkotKkLIKy6zNvA1achKzAmv root@ubuntu-xenial
ssh-rsa AAAAB3NzaC1yc2EAAAADAQABAAABAQDs6gqSQ4YM0MYgUmJnfHHQyXPQg6HQzL097hlBNM73CE00u1CZEJnm6Ru99+diBQew4djtAIcO4z5HMPWbPydwo3Z2M9eTo+rGDEpGYeS755lUSr9zI4Drh5Sgk8rtxWJodWp+zRnPblNQ1h0mbt7Bbfdz45N37+nuRREQcLsc/F2vf9FRudLhPqtaOPKDdflAVmksYnBUyaaxHk23qdi+lWIPDayNXpbqunO+uqu2LJ4uUiI0JrQFlFhdhC8HdL5ESfuqGD9l36dnljYmXPUPZhB8d6XFWQG/HvnqLeA3dfGAMqzjdJsQln0wgajn0+9LXA1TOxTasSIWFCW5ZSC3 root@ubuntu-xenial
-----END SSH HOST KEY KEYS-----
[    9.905623] cloud-init[1367]: Cloud-init v. 19.4-33-gbb4131a2-0ubuntu1~16.04.1 running 'modules:final' at Wed, 03 Jun 2020 15:09:36 +0000. Up 9.79 seconds.
[    9.906663] cloud-init[1367]: ci-info: no authorized SSH keys fingerprints found for user ubuntu.
[    9.907763] cloud-init[1367]: Cloud-init v. 19.4-33-gbb4131a2-0ubuntu1~16.04.1 finished at Wed, 03 Jun 2020 15:09:36 +0000. Datasource DataSourceNoCloud [seed=/dev/sdb][dsmode=net].  Up 9.90 seconds
[[0;32m  OK  [0m] Started Execute cloud user/final scripts.
[[0;32m  OK  [0m] Reached target Cloud-init target.

Ubuntu 16.04.6 LTS ubuntu-xenial ttyS0

ubuntu-xenial login: 